// Jest Snapshot v1, https://goo.gl/fbAQLP

exports[`<Select /> should render 1`] = `
<body>
  <div>
    <select
      class="jsx-2574848865 select"
    >
      <option
        class="jsx-2574848865"
        value="yes"
      >
        yes
      </option>
      <option
        class="jsx-2574848865"
        value="no"
      >
        no
      </option>
    </select>
  </div>
</body>
`;
