// Jest Snapshot v1, https://goo.gl/fbAQLP

exports[`renders 1`] = `
<DocumentFragment>
  <div
    class="jsx-208276224 container"
  >
    <main
      class="jsx-208276224"
    >
      <div
        class="jsx-208276224 content"
      >
        <div
          class="jsx-964221634 title-bar"
          data-testid="title-bar"
        >
          <h1
            class="jsx-964221634"
          >
            verbdrills
          </h1>
          <h2
            class="jsx-964221634"
          >
            Master verb conjugation
          </h2>
        </div>
        <form
          class="jsx-595701558 configuration-form"
        >
          <div
            class="jsx-595701558 configuration-form__field"
          >
            <label
              class="jsx-595701558"
            >
              Select a language
            </label>
            <select
              class="jsx-2574848865 select"
              name="language"
            >
              <option
                class="jsx-2574848865"
                value="Select a language"
              >
                Select a language
              </option>
              <option
                class="jsx-2574848865"
                value="Spanish"
              >
                Spanish
              </option>
              <option
                class="jsx-2574848865"
                value="German"
              >
                German
              </option>
              <option
                class="jsx-2574848865"
                value="French"
              >
                French
              </option>
            </select>
          </div>
          <div
            class="jsx-595701558 configuration-form__field"
          >
            <label
              class="jsx-595701558"
            >
              Select a verb set
            </label>
            <select
              class="jsx-2574848865 select"
              name="verbset"
            >
              <option
                class="jsx-2574848865"
                value="Select verbset"
              >
                Select verbset
              </option>
              <option
                class="jsx-2574848865"
                value="regular"
              >
                regular
              </option>
              <option
                class="jsx-2574848865"
                value="irregular"
              >
                irregular
              </option>
              <option
                class="jsx-2574848865"
                value="all"
              >
                all
              </option>
            </select>
          </div>
          <div
            class="jsx-595701558 configuration-form__field"
          >
            <label
              class="jsx-595701558"
            >
              Select a tense
            </label>
            <select
              class="jsx-2574848865 select"
              name="tense"
            >
              <option
                class="jsx-2574848865"
                value="Select tense"
              >
                Select tense
              </option>
              <option
                class="jsx-2574848865"
                value="present"
              >
                present
              </option>
              <option
                class="jsx-2574848865"
                value="preterite"
              >
                preterite
              </option>
              <option
                class="jsx-2574848865"
                value="imperfect"
              >
                imperfect
              </option>
              <option
                class="jsx-2574848865"
                value="future"
              >
                future
              </option>
              <option
                class="jsx-2574848865"
                value="conditional"
              >
                conditional
              </option>
            </select>
          </div>
          <div
            class="jsx-595701558 configuration-form__field"
          >
            <button
              class="jsx-1098515908 btn btn--primary"
              disabled=""
              type="button"
            >
              Train
            </button>
          </div>
        </form>
      </div>
    </main>
  </div>
</DocumentFragment>
`;
