// Jest Snapshot v1, https://goo.gl/fbAQLP

exports[`renders 1`] = `
<DocumentFragment>
  <div
    class="jsx-3252123747 container"
  >
    <main
      class="jsx-3252123747"
    >
      <div
        class="jsx-3252123747 content"
      >
        <div
          class="jsx-415365710 title-bar"
          data-testid="title-bar"
        >
          <h1
            class="jsx-415365710"
          >
            verbdrills
          </h1>
        </div>
        <div
          class="description"
          data-testid="description"
        >
          <h3>
            Master verb conjugation
          </h3>
          <button
            data-testid="btn--train"
          >
            PRACTICE
          </button>
        </div>
      </div>
    </main>
  </div>
</DocumentFragment>
`;
