// Jest Snapshot v1, https://goo.gl/fbAQLP

exports[`renders 1`] = `
<DocumentFragment>
  <div
    class="jsx-1952444615 container"
  >
    <main
      class="jsx-1952444615"
    >
      <div
        class="title-bar"
        data-testid="title-bar"
      >
        <h1>
          verbdrills
        </h1>
      </div>
    </main>
  </div>
</DocumentFragment>
`;
