// Jest Snapshot v1, https://goo.gl/fbAQLP

exports[`<GamePlay /> should render 1`] = `
<body>
  <div>
    <div
      class="jsx-984623468 game-play"
    >
      <div
        class="jsx-1645246723"
      >
        <h3
          class="jsx-1645246723"
        >
          1:00
        </h3>
      </div>
      <div
        class="jsx-984623468"
      >
        <h2
          class="jsx-984623468"
        />
      </div>
      <div
        class="jsx-984623468 verb"
      >
        <h2
          class="jsx-984623468 infinitive"
        >
          hablar
        </h2>
        <h2
          class="jsx-984623468 person"
        >
          yo
        </h2>
        <h3
          class="jsx-984623468 translation"
        >
          to speak
        </h3>
      </div>
      <div
        class="jsx-984623468 card__child card__input"
      >
        <input
          class="jsx-828487101 "
          value=""
        />
        <button
          class="jsx-767425152 btn btn--primary"
        >
          Guess
        </button>
      </div>
    </div>
  </div>
</body>
`;
